\BOOKMARK [0][-]{chapter.1}{\376\377\0001\000\040\004\020\004\073\004\104\004\060\004\062\004\070\004\102\004\075\004\113\004\071\000\040\004\103\004\072\004\060\004\067\004\060\004\102\004\065\004\073\004\114\000\040\004\072\004\073\004\060\004\101\004\101\004\076\004\062}{}% 1
\BOOKMARK [1][-]{section.1.1}{\376\377\0001\000.\0001\000\040\004\032\004\073\004\060\004\101\004\101\004\113}{chapter.1}% 2
\BOOKMARK [0][-]{chapter.2}{\376\377\0002\000\040\004\041\004\077\004\070\004\101\004\076\004\072\000\040\004\104\004\060\004\071\004\073\004\076\004\062}{}% 3
\BOOKMARK [1][-]{section.2.1}{\376\377\0002\000.\0001\000\040\004\044\004\060\004\071\004\073\004\113}{chapter.2}% 4
\BOOKMARK [0][-]{chapter.3}{\376\377\0003\000\040\004\032\004\073\004\060\004\101\004\101\004\113}{}% 5
\BOOKMARK [1][-]{section.3.1}{\376\377\0003\000.\0001\000\040\004\032\004\073\004\060\004\101\004\101\000\040\000A\000u\000t\000h\000e\000n\000t\000i\000c\000a\000t\000o\000r}{chapter.3}% 6
\BOOKMARK [2][-]{subsection.3.1.1}{\376\377\0003\000.\0001\000.\0001\000\040\004\037\004\076\004\064\004\100\004\076\004\061\004\075\004\076\004\065\000\040\004\076\004\077\004\070\004\101\004\060\004\075\004\070\004\065}{section.3.1}% 7
\BOOKMARK [2][-]{subsection.3.1.2}{\376\377\0003\000.\0001\000.\0002\000\040\004\034\004\065\004\102\004\076\004\064\004\113}{section.3.1}% 8
\BOOKMARK [3][-]{subsubsection.3.1.2.1}{\376\377\0003\000.\0001\000.\0002\000.\0001\000\040\000a\000u\000t\000h\000e\000n\000t\000i\000c\000a\000t\000e\000\050\000\051}{subsection.3.1.2}% 9
\BOOKMARK [3][-]{subsubsection.3.1.2.2}{\376\377\0003\000.\0001\000.\0002\000.\0002\000\040\000c\000o\000m\000p\000u\000t\000e\000S\000H\000A\0001\000\050\000\051}{subsection.3.1.2}% 10
\BOOKMARK [3][-]{subsubsection.3.1.2.3}{\376\377\0003\000.\0001\000.\0002\000.\0003\000\040\000g\000e\000n\000e\000r\000a\000t\000e\000S\000a\000l\000t\000\050\000\051}{subsection.3.1.2}% 11
\BOOKMARK [1][-]{section.3.2}{\376\377\0003\000.\0002\000\040\004\032\004\073\004\060\004\101\004\101\000\040\000C\000l\000i\000e\000n\000t\000B\000a\000s\000e}{chapter.3}% 12
\BOOKMARK [2][-]{subsection.3.2.1}{\376\377\0003\000.\0002\000.\0001\000\040\004\037\004\076\004\064\004\100\004\076\004\061\004\075\004\076\004\065\000\040\004\076\004\077\004\070\004\101\004\060\004\075\004\070\004\065}{section.3.2}% 13
\BOOKMARK [2][-]{subsection.3.2.2}{\376\377\0003\000.\0002\000.\0002\000\040\004\032\004\076\004\075\004\101\004\102\004\100\004\103\004\072\004\102\004\076\004\100\000\050\004\113\000\051}{section.3.2}% 14
\BOOKMARK [3][-]{subsubsection.3.2.2.1}{\376\377\0003\000.\0002\000.\0002\000.\0001\000\040\000C\000l\000i\000e\000n\000t\000B\000a\000s\000e\000\050\000\051}{subsection.3.2.2}% 15
\BOOKMARK [2][-]{subsection.3.2.3}{\376\377\0003\000.\0002\000.\0003\000\040\004\034\004\065\004\102\004\076\004\064\004\113}{section.3.2}% 16
\BOOKMARK [3][-]{subsubsection.3.2.3.1}{\376\377\0003\000.\0002\000.\0003\000.\0001\000\040\000g\000e\000t\000P\000a\000s\000s\000w\000o\000r\000d\000\050\000\051}{subsection.3.2.3}% 17
\BOOKMARK [3][-]{subsubsection.3.2.3.2}{\376\377\0003\000.\0002\000.\0003\000.\0002\000\040\000l\000o\000a\000d\000\050\000\051}{subsection.3.2.3}% 18
\BOOKMARK [3][-]{subsubsection.3.2.3.3}{\376\377\0003\000.\0002\000.\0003\000.\0003\000\040\000u\000s\000e\000r\000E\000x\000i\000s\000t\000s\000\050\000\051}{subsection.3.2.3}% 19
\BOOKMARK [2][-]{subsection.3.2.4}{\376\377\0003\000.\0002\000.\0004\000\040\004\024\004\060\004\075\004\075\004\113\004\065\000\040\004\072\004\073\004\060\004\101\004\101\004\060}{section.3.2}% 20
\BOOKMARK [3][-]{subsubsection.3.2.4.1}{\376\377\0003\000.\0002\000.\0004\000.\0001\000\040\000c\000l\000i\000e\000n\000t\000s}{subsection.3.2.4}% 21
\BOOKMARK [3][-]{subsubsection.3.2.4.2}{\376\377\0003\000.\0002\000.\0004\000.\0002\000\040\000f\000i\000l\000e\000n\000a\000m\000e}{subsection.3.2.4}% 22
\BOOKMARK [1][-]{section.3.3}{\376\377\0003\000.\0003\000\040\004\041\004\102\004\100\004\103\004\072\004\102\004\103\004\100\004\060\000\040\000C\000l\000i\000e\000n\000t\000B\000a\000s\000e\000F\000i\000x\000t\000u\000r\000e}{chapter.3}% 23
\BOOKMARK [2][-]{subsection.3.3.1}{\376\377\0003\000.\0003\000.\0001\000\040\004\037\004\076\004\064\004\100\004\076\004\061\004\075\004\076\004\065\000\040\004\076\004\077\004\070\004\101\004\060\004\075\004\070\004\065}{section.3.3}% 24
\BOOKMARK [2][-]{subsection.3.3.2}{\376\377\0003\000.\0003\000.\0002\000\040\004\032\004\076\004\075\004\101\004\102\004\100\004\103\004\072\004\102\004\076\004\100\000\050\004\113\000\051}{section.3.3}% 25
\BOOKMARK [3][-]{subsubsection.3.3.2.1}{\376\377\0003\000.\0003\000.\0002\000.\0001\000\040\000C\000l\000i\000e\000n\000t\000B\000a\000s\000e\000F\000i\000x\000t\000u\000r\000e\000\050\000\051}{subsection.3.3.2}% 26
\BOOKMARK [3][-]{subsubsection.3.3.2.2}{\376\377\0003\000.\0003\000.\0002\000.\0002\000\040\000\040\000C\000l\000i\000e\000n\000t\000B\000a\000s\000e\000F\000i\000x\000t\000u\000r\000e\000\050\000\051}{subsection.3.3.2}% 27
\BOOKMARK [2][-]{subsection.3.3.3}{\376\377\0003\000.\0003\000.\0003\000\040\004\024\004\060\004\075\004\075\004\113\004\065\000\040\004\072\004\073\004\060\004\101\004\101\004\060}{section.3.3}% 28
\BOOKMARK [3][-]{subsubsection.3.3.3.1}{\376\377\0003\000.\0003\000.\0003\000.\0001\000\040\000t\000e\000s\000t\000F\000i\000l\000e\000n\000a\000m\000e}{subsection.3.3.3}% 29
\BOOKMARK [1][-]{section.3.4}{\376\377\0003\000.\0004\000\040\004\032\004\073\004\060\004\101\004\101\000\040\000C\000l\000i\000e\000n\000t\000H\000a\000n\000d\000l\000e\000r}{chapter.3}% 30
\BOOKMARK [2][-]{subsection.3.4.1}{\376\377\0003\000.\0004\000.\0001\000\040\004\037\004\076\004\064\004\100\004\076\004\061\004\075\004\076\004\065\000\040\004\076\004\077\004\070\004\101\004\060\004\075\004\070\004\065}{section.3.4}% 31
\BOOKMARK [2][-]{subsection.3.4.2}{\376\377\0003\000.\0004\000.\0002\000\040\004\032\004\076\004\075\004\101\004\102\004\100\004\103\004\072\004\102\004\076\004\100\000\050\004\113\000\051}{section.3.4}% 32
\BOOKMARK [3][-]{subsubsection.3.4.2.1}{\376\377\0003\000.\0004\000.\0002\000.\0001\000\040\000C\000l\000i\000e\000n\000t\000H\000a\000n\000d\000l\000e\000r\000\050\000\051}{subsection.3.4.2}% 33
\BOOKMARK [2][-]{subsection.3.4.3}{\376\377\0003\000.\0004\000.\0003\000\040\004\034\004\065\004\102\004\076\004\064\004\113}{section.3.4}% 34
\BOOKMARK [3][-]{subsubsection.3.4.3.1}{\376\377\0003\000.\0004\000.\0003\000.\0001\000\040\000a\000u\000t\000h\000e\000n\000t\000i\000c\000a\000t\000e\000C\000l\000i\000e\000n\000t\000\050\000\051}{subsection.3.4.3}% 35
\BOOKMARK [3][-]{subsubsection.3.4.3.2}{\376\377\0003\000.\0004\000.\0003\000.\0002\000\040\000h\000a\000n\000d\000l\000e\000\050\000\051}{subsection.3.4.3}% 36
\BOOKMARK [3][-]{subsubsection.3.4.3.3}{\376\377\0003\000.\0004\000.\0003\000.\0003\000\040\000r\000e\000c\000e\000i\000v\000e\000D\000a\000t\000a\000\050\000\051}{subsection.3.4.3}% 37
\BOOKMARK [3][-]{subsubsection.3.4.3.4}{\376\377\0003\000.\0004\000.\0003\000.\0004\000\040\000r\000e\000c\000e\000i\000v\000e\000S\000t\000r\000i\000n\000g\000\050\000\051}{subsection.3.4.3}% 38
\BOOKMARK [3][-]{subsubsection.3.4.3.5}{\376\377\0003\000.\0004\000.\0003\000.\0005\000\040\000r\000e\000c\000e\000i\000v\000e\000V\000e\000c\000t\000o\000r\000s\000A\000n\000d\000P\000r\000o\000c\000e\000s\000s\000\050\000\051}{subsection.3.4.3}% 39
\BOOKMARK [3][-]{subsubsection.3.4.3.6}{\376\377\0003\000.\0004\000.\0003\000.\0006\000\040\000s\000e\000n\000d\000D\000a\000t\000a\000\050\000\051}{subsection.3.4.3}% 40
\BOOKMARK [3][-]{subsubsection.3.4.3.7}{\376\377\0003\000.\0004\000.\0003\000.\0007\000\040\000s\000e\000n\000d\000M\000e\000s\000s\000a\000g\000e\000\050\000\051}{subsection.3.4.3}% 41
\BOOKMARK [3][-]{subsubsection.3.4.3.8}{\376\377\0003\000.\0004\000.\0003\000.\0008\000\040\000s\000e\000n\000d\000S\000a\000l\000t\000\050\000\051}{subsection.3.4.3}% 42
\BOOKMARK [2][-]{subsection.3.4.4}{\376\377\0003\000.\0004\000.\0004\000\040\004\024\004\060\004\075\004\075\004\113\004\065\000\040\004\072\004\073\004\060\004\101\004\101\004\060}{section.3.4}% 43
\BOOKMARK [3][-]{subsubsection.3.4.4.1}{\376\377\0003\000.\0004\000.\0004\000.\0001\000\040\000c\000l\000i\000e\000n\000t\000A\000d\000d\000r}{subsection.3.4.4}% 44
\BOOKMARK [3][-]{subsubsection.3.4.4.2}{\376\377\0003\000.\0004\000.\0004\000.\0002\000\040\000c\000l\000i\000e\000n\000t\000B\000a\000s\000e}{subsection.3.4.4}% 45
\BOOKMARK [3][-]{subsubsection.3.4.4.3}{\376\377\0003\000.\0004\000.\0004\000.\0003\000\040\000c\000l\000i\000e\000n\000t\000S\000o\000c\000k\000e\000t}{subsection.3.4.4}% 46
\BOOKMARK [3][-]{subsubsection.3.4.4.4}{\376\377\0003\000.\0004\000.\0004\000.\0004\000\040\000l\000o\000g\000g\000e\000r}{subsection.3.4.4}% 47
\BOOKMARK [1][-]{section.3.5}{\376\377\0003\000.\0005\000\040\004\032\004\073\004\060\004\101\004\101\000\040\000C\000o\000m\000m\000a\000n\000d\000L\000i\000n\000e\000P\000a\000r\000s\000e\000r}{chapter.3}% 48
\BOOKMARK [2][-]{subsection.3.5.1}{\376\377\0003\000.\0005\000.\0001\000\040\004\037\004\076\004\064\004\100\004\076\004\061\004\075\004\076\004\065\000\040\004\076\004\077\004\070\004\101\004\060\004\075\004\070\004\065}{section.3.5}% 49
\BOOKMARK [2][-]{subsection.3.5.2}{\376\377\0003\000.\0005\000.\0002\000\040\004\032\004\076\004\075\004\101\004\102\004\100\004\103\004\072\004\102\004\076\004\100\000\050\004\113\000\051}{section.3.5}% 50
\BOOKMARK [3][-]{subsubsection.3.5.2.1}{\376\377\0003\000.\0005\000.\0002\000.\0001\000\040\000C\000o\000m\000m\000a\000n\000d\000L\000i\000n\000e\000P\000a\000r\000s\000e\000r\000\050\000\051}{subsection.3.5.2}% 51
\BOOKMARK [2][-]{subsection.3.5.3}{\376\377\0003\000.\0005\000.\0003\000\040\004\034\004\065\004\102\004\076\004\064\004\113}{section.3.5}% 52
\BOOKMARK [3][-]{subsubsection.3.5.3.1}{\376\377\0003\000.\0005\000.\0003\000.\0001\000\040\000g\000e\000t\000C\000o\000n\000f\000i\000g\000\050\000\051}{subsection.3.5.3}% 53
\BOOKMARK [3][-]{subsubsection.3.5.3.2}{\376\377\0003\000.\0005\000.\0003\000.\0002\000\040\000g\000e\000t\000H\000e\000l\000p\000\050\000\051}{subsection.3.5.3}% 54
\BOOKMARK [3][-]{subsubsection.3.5.3.3}{\376\377\0003\000.\0005\000.\0003\000.\0003\000\040\000p\000a\000r\000s\000e\000\050\000\051}{subsection.3.5.3}% 55
\BOOKMARK [2][-]{subsection.3.5.4}{\376\377\0003\000.\0005\000.\0004\000\040\004\024\004\060\004\075\004\075\004\113\004\065\000\040\004\072\004\073\004\060\004\101\004\101\004\060}{section.3.5}% 56
\BOOKMARK [3][-]{subsubsection.3.5.4.1}{\376\377\0003\000.\0005\000.\0004\000.\0001\000\040\000c\000o\000n\000f\000i\000g}{subsection.3.5.4}% 57
\BOOKMARK [3][-]{subsubsection.3.5.4.2}{\376\377\0003\000.\0005\000.\0004\000.\0002\000\040\000h\000e\000l\000p\000T\000e\000x\000t}{subsection.3.5.4}% 58
\BOOKMARK [1][-]{section.3.6}{\376\377\0003\000.\0006\000\040\004\032\004\073\004\060\004\101\004\101\000\040\000L\000o\000g\000g\000e\000r}{chapter.3}% 59
\BOOKMARK [2][-]{subsection.3.6.1}{\376\377\0003\000.\0006\000.\0001\000\040\004\037\004\076\004\064\004\100\004\076\004\061\004\075\004\076\004\065\000\040\004\076\004\077\004\070\004\101\004\060\004\075\004\070\004\065}{section.3.6}% 60
\BOOKMARK [2][-]{subsection.3.6.2}{\376\377\0003\000.\0006\000.\0002\000\040\004\032\004\076\004\075\004\101\004\102\004\100\004\103\004\072\004\102\004\076\004\100\000\050\004\113\000\051}{section.3.6}% 61
\BOOKMARK [3][-]{subsubsection.3.6.2.1}{\376\377\0003\000.\0006\000.\0002\000.\0001\000\040\000L\000o\000g\000g\000e\000r\000\050\000\051}{subsection.3.6.2}% 62
\BOOKMARK [3][-]{subsubsection.3.6.2.2}{\376\377\0003\000.\0006\000.\0002\000.\0002\000\040\000\040\000L\000o\000g\000g\000e\000r\000\050\000\051}{subsection.3.6.2}% 63
\BOOKMARK [2][-]{subsection.3.6.3}{\376\377\0003\000.\0006\000.\0003\000\040\004\034\004\065\004\102\004\076\004\064\004\113}{section.3.6}% 64
\BOOKMARK [3][-]{subsubsection.3.6.3.1}{\376\377\0003\000.\0006\000.\0003\000.\0001\000\040\000e\000r\000r\000o\000r\000\050\000\051}{subsection.3.6.3}% 65
\BOOKMARK [3][-]{subsubsection.3.6.3.2}{\376\377\0003\000.\0006\000.\0003\000.\0002\000\040\000g\000e\000t\000C\000u\000r\000r\000e\000n\000t\000T\000i\000m\000e\000\050\000\051}{subsection.3.6.3}% 66
\BOOKMARK [3][-]{subsubsection.3.6.3.3}{\376\377\0003\000.\0006\000.\0003\000.\0003\000\040\000i\000n\000f\000o\000\050\000\051}{subsection.3.6.3}% 67
\BOOKMARK [3][-]{subsubsection.3.6.3.4}{\376\377\0003\000.\0006\000.\0003\000.\0004\000\040\000l\000e\000v\000e\000l\000T\000o\000S\000t\000r\000i\000n\000g\000\050\000\051}{subsection.3.6.3}% 68
\BOOKMARK [3][-]{subsubsection.3.6.3.5}{\376\377\0003\000.\0006\000.\0003\000.\0005\000\040\000l\000o\000g\000\050\000\051}{subsection.3.6.3}% 69
\BOOKMARK [3][-]{subsubsection.3.6.3.6}{\376\377\0003\000.\0006\000.\0003\000.\0006\000\040\000w\000a\000r\000n\000i\000n\000g\000\050\000\051}{subsection.3.6.3}% 70
\BOOKMARK [2][-]{subsection.3.6.4}{\376\377\0003\000.\0006\000.\0004\000\040\004\024\004\060\004\075\004\075\004\113\004\065\000\040\004\072\004\073\004\060\004\101\004\101\004\060}{section.3.6}% 71
\BOOKMARK [3][-]{subsubsection.3.6.4.1}{\376\377\0003\000.\0006\000.\0004\000.\0001\000\040\000l\000o\000g\000F\000i\000l\000e}{subsection.3.6.4}% 72
\BOOKMARK [3][-]{subsubsection.3.6.4.2}{\376\377\0003\000.\0006\000.\0004\000.\0002\000\040\000l\000o\000g\000M\000u\000t\000e\000x}{subsection.3.6.4}% 73
\BOOKMARK [1][-]{section.3.7}{\376\377\0003\000.\0007\000\040\004\041\004\102\004\100\004\103\004\072\004\102\004\103\004\100\004\060\000\040\000L\000o\000g\000g\000e\000r\000F\000i\000x\000t\000u\000r\000e}{chapter.3}% 74
\BOOKMARK [2][-]{subsection.3.7.1}{\376\377\0003\000.\0007\000.\0001\000\040\004\037\004\076\004\064\004\100\004\076\004\061\004\075\004\076\004\065\000\040\004\076\004\077\004\070\004\101\004\060\004\075\004\070\004\065}{section.3.7}% 75
\BOOKMARK [2][-]{subsection.3.7.2}{\376\377\0003\000.\0007\000.\0002\000\040\004\032\004\076\004\075\004\101\004\102\004\100\004\103\004\072\004\102\004\076\004\100\000\050\004\113\000\051}{section.3.7}% 76
\BOOKMARK [3][-]{subsubsection.3.7.2.1}{\376\377\0003\000.\0007\000.\0002\000.\0001\000\040\000L\000o\000g\000g\000e\000r\000F\000i\000x\000t\000u\000r\000e\000\050\000\051}{subsection.3.7.2}% 77
\BOOKMARK [3][-]{subsubsection.3.7.2.2}{\376\377\0003\000.\0007\000.\0002\000.\0002\000\040\000\040\000L\000o\000g\000g\000e\000r\000F\000i\000x\000t\000u\000r\000e\000\050\000\051}{subsection.3.7.2}% 78
\BOOKMARK [2][-]{subsection.3.7.3}{\376\377\0003\000.\0007\000.\0003\000\040\004\034\004\065\004\102\004\076\004\064\004\113}{section.3.7}% 79
\BOOKMARK [3][-]{subsubsection.3.7.3.1}{\376\377\0003\000.\0007\000.\0003\000.\0001\000\040\000r\000e\000a\000d\000L\000o\000g\000F\000i\000l\000e\000\050\000\051}{subsection.3.7.3}% 80
\BOOKMARK [2][-]{subsection.3.7.4}{\376\377\0003\000.\0007\000.\0004\000\040\004\024\004\060\004\075\004\075\004\113\004\065\000\040\004\072\004\073\004\060\004\101\004\101\004\060}{section.3.7}% 81
\BOOKMARK [3][-]{subsubsection.3.7.4.1}{\376\377\0003\000.\0007\000.\0004\000.\0001\000\040\000t\000e\000s\000t\000L\000o\000g\000F\000i\000l\000e}{subsection.3.7.4}% 82
\BOOKMARK [1][-]{section.3.8}{\376\377\0003\000.\0008\000\040\004\032\004\073\004\060\004\101\004\101\000\040\000O\000u\000t\000p\000u\000t\000R\000e\000d\000i\000r\000e\000c\000t}{chapter.3}% 83
\BOOKMARK [2][-]{subsection.3.8.1}{\376\377\0003\000.\0008\000.\0001\000\040\004\037\004\076\004\064\004\100\004\076\004\061\004\075\004\076\004\065\000\040\004\076\004\077\004\070\004\101\004\060\004\075\004\070\004\065}{section.3.8}% 84
\BOOKMARK [2][-]{subsection.3.8.2}{\376\377\0003\000.\0008\000.\0002\000\040\004\032\004\076\004\075\004\101\004\102\004\100\004\103\004\072\004\102\004\076\004\100\000\050\004\113\000\051}{section.3.8}% 85
\BOOKMARK [3][-]{subsubsection.3.8.2.1}{\376\377\0003\000.\0008\000.\0002\000.\0001\000\040\000O\000u\000t\000p\000u\000t\000R\000e\000d\000i\000r\000e\000c\000t\000\050\000\051}{subsection.3.8.2}% 86
\BOOKMARK [3][-]{subsubsection.3.8.2.2}{\376\377\0003\000.\0008\000.\0002\000.\0002\000\040\000\040\000O\000u\000t\000p\000u\000t\000R\000e\000d\000i\000r\000e\000c\000t\000\050\000\051}{subsection.3.8.2}% 87
\BOOKMARK [2][-]{subsection.3.8.3}{\376\377\0003\000.\0008\000.\0003\000\040\004\034\004\065\004\102\004\076\004\064\004\113}{section.3.8}% 88
\BOOKMARK [3][-]{subsubsection.3.8.3.1}{\376\377\0003\000.\0008\000.\0003\000.\0001\000\040\000c\000l\000e\000a\000r\000\050\000\051}{subsection.3.8.3}% 89
\BOOKMARK [3][-]{subsubsection.3.8.3.2}{\376\377\0003\000.\0008\000.\0003\000.\0002\000\040\000g\000e\000t\000O\000u\000t\000p\000u\000t\000\050\000\051}{subsection.3.8.3}% 90
\BOOKMARK [2][-]{subsection.3.8.4}{\376\377\0003\000.\0008\000.\0004\000\040\004\024\004\060\004\075\004\075\004\113\004\065\000\040\004\072\004\073\004\060\004\101\004\101\004\060}{section.3.8}% 91
\BOOKMARK [3][-]{subsubsection.3.8.4.1}{\376\377\0003\000.\0008\000.\0004\000.\0001\000\040\000b\000u\000f\000f\000e\000r}{subsection.3.8.4}% 92
\BOOKMARK [3][-]{subsubsection.3.8.4.2}{\376\377\0003\000.\0008\000.\0004\000.\0002\000\040\000o\000l\000d\000\137\000c\000e\000r\000r}{subsection.3.8.4}% 93
\BOOKMARK [3][-]{subsubsection.3.8.4.3}{\376\377\0003\000.\0008\000.\0004\000.\0003\000\040\000o\000l\000d\000\137\000c\000o\000u\000t}{subsection.3.8.4}% 94
\BOOKMARK [1][-]{section.3.9}{\376\377\0003\000.\0009\000\040\004\032\004\073\004\060\004\101\004\101\000\040\000S\000e\000r\000v\000e\000r}{chapter.3}% 95
\BOOKMARK [2][-]{subsection.3.9.1}{\376\377\0003\000.\0009\000.\0001\000\040\004\037\004\076\004\064\004\100\004\076\004\061\004\075\004\076\004\065\000\040\004\076\004\077\004\070\004\101\004\060\004\075\004\070\004\065}{section.3.9}% 96
\BOOKMARK [2][-]{subsection.3.9.2}{\376\377\0003\000.\0009\000.\0002\000\040\004\032\004\076\004\075\004\101\004\102\004\100\004\103\004\072\004\102\004\076\004\100\000\050\004\113\000\051}{section.3.9}% 97
\BOOKMARK [3][-]{subsubsection.3.9.2.1}{\376\377\0003\000.\0009\000.\0002\000.\0001\000\040\000S\000e\000r\000v\000e\000r\000\050\000\051}{subsection.3.9.2}% 98
\BOOKMARK [3][-]{subsubsection.3.9.2.2}{\376\377\0003\000.\0009\000.\0002\000.\0002\000\040\000\040\000S\000e\000r\000v\000e\000r\000\050\000\051}{subsection.3.9.2}% 99
\BOOKMARK [2][-]{subsection.3.9.3}{\376\377\0003\000.\0009\000.\0003\000\040\004\034\004\065\004\102\004\076\004\064\004\113}{section.3.9}% 100
\BOOKMARK [3][-]{subsubsection.3.9.3.1}{\376\377\0003\000.\0009\000.\0003\000.\0001\000\040\000c\000l\000e\000a\000n\000u\000p\000\050\000\051}{subsection.3.9.3}% 101
\BOOKMARK [3][-]{subsubsection.3.9.3.2}{\376\377\0003\000.\0009\000.\0003\000.\0002\000\040\000i\000n\000i\000t\000i\000a\000l\000i\000z\000e\000\050\000\051}{subsection.3.9.3}% 102
\BOOKMARK [3][-]{subsubsection.3.9.3.3}{\376\377\0003\000.\0009\000.\0003\000.\0003\000\040\000r\000u\000n\000\050\000\051}{subsection.3.9.3}% 103
\BOOKMARK [3][-]{subsubsection.3.9.3.4}{\376\377\0003\000.\0009\000.\0003\000.\0004\000\040\000s\000t\000o\000p\000\050\000\051}{subsection.3.9.3}% 104
\BOOKMARK [2][-]{subsection.3.9.4}{\376\377\0003\000.\0009\000.\0004\000\040\004\024\004\060\004\075\004\075\004\113\004\065\000\040\004\072\004\073\004\060\004\101\004\101\004\060}{section.3.9}% 105
\BOOKMARK [3][-]{subsubsection.3.9.4.1}{\376\377\0003\000.\0009\000.\0004\000.\0001\000\040\000c\000l\000i\000e\000n\000t\000B\000a\000s\000e}{subsection.3.9.4}% 106
\BOOKMARK [3][-]{subsubsection.3.9.4.2}{\376\377\0003\000.\0009\000.\0004\000.\0002\000\040\000c\000l\000i\000e\000n\000t\000B\000a\000s\000e\000F\000i\000l\000e}{subsection.3.9.4}% 107
\BOOKMARK [3][-]{subsubsection.3.9.4.3}{\376\377\0003\000.\0009\000.\0004\000.\0003\000\040\000l\000o\000g\000F\000i\000l\000e}{subsection.3.9.4}% 108
\BOOKMARK [3][-]{subsubsection.3.9.4.4}{\376\377\0003\000.\0009\000.\0004\000.\0004\000\040\000l\000o\000g\000g\000e\000r}{subsection.3.9.4}% 109
\BOOKMARK [3][-]{subsubsection.3.9.4.5}{\376\377\0003\000.\0009\000.\0004\000.\0005\000\040\000p\000o\000r\000t}{subsection.3.9.4}% 110
\BOOKMARK [3][-]{subsubsection.3.9.4.6}{\376\377\0003\000.\0009\000.\0004\000.\0006\000\040\000r\000u\000n\000n\000i\000n\000g}{subsection.3.9.4}% 111
\BOOKMARK [3][-]{subsubsection.3.9.4.7}{\376\377\0003\000.\0009\000.\0004\000.\0007\000\040\000s\000e\000r\000v\000e\000r\000S\000o\000c\000k\000e\000t}{subsection.3.9.4}% 112
\BOOKMARK [1][-]{section.3.10}{\376\377\0003\000.\0001\0000\000\040\004\041\004\102\004\100\004\103\004\072\004\102\004\103\004\100\004\060\000\040\000S\000e\000r\000v\000e\000r\000C\000o\000n\000f\000i\000g}{chapter.3}% 113
\BOOKMARK [2][-]{subsection.3.10.1}{\376\377\0003\000.\0001\0000\000.\0001\000\040\004\037\004\076\004\064\004\100\004\076\004\061\004\075\004\076\004\065\000\040\004\076\004\077\004\070\004\101\004\060\004\075\004\070\004\065}{section.3.10}% 114
\BOOKMARK [2][-]{subsection.3.10.2}{\376\377\0003\000.\0001\0000\000.\0002\000\040\004\024\004\060\004\075\004\075\004\113\004\065\000\040\004\072\004\073\004\060\004\101\004\101\004\060}{section.3.10}% 115
\BOOKMARK [3][-]{subsubsection.3.10.2.1}{\376\377\0003\000.\0001\0000\000.\0002\000.\0001\000\040\000c\000l\000i\000e\000n\000t\000B\000a\000s\000e\000F\000i\000l\000e}{subsection.3.10.2}% 116
\BOOKMARK [3][-]{subsubsection.3.10.2.2}{\376\377\0003\000.\0001\0000\000.\0002\000.\0002\000\040\000l\000o\000g\000F\000i\000l\000e}{subsection.3.10.2}% 117
\BOOKMARK [3][-]{subsubsection.3.10.2.3}{\376\377\0003\000.\0001\0000\000.\0002\000.\0003\000\040\000p\000o\000r\000t}{subsection.3.10.2}% 118
\BOOKMARK [1][-]{section.3.11}{\376\377\0003\000.\0001\0001\000\040\004\032\004\073\004\060\004\101\004\101\000\040\000V\000e\000c\000t\000o\000r\000C\000a\000l\000c\000u\000l\000a\000t\000o\000r}{chapter.3}% 119
\BOOKMARK [2][-]{subsection.3.11.1}{\376\377\0003\000.\0001\0001\000.\0001\000\040\004\037\004\076\004\064\004\100\004\076\004\061\004\075\004\076\004\065\000\040\004\076\004\077\004\070\004\101\004\060\004\075\004\070\004\065}{section.3.11}% 120
\BOOKMARK [2][-]{subsection.3.11.2}{\376\377\0003\000.\0001\0001\000.\0002\000\040\004\034\004\065\004\102\004\076\004\064\004\113}{section.3.11}% 121
\BOOKMARK [3][-]{subsubsection.3.11.2.1}{\376\377\0003\000.\0001\0001\000.\0002\000.\0001\000\040\000c\000o\000m\000p\000u\000t\000e\000P\000r\000o\000d\000u\000c\000t\000\050\000\051}{subsection.3.11.2}% 122
\BOOKMARK [0][-]{chapter.4}{\376\377\0004\000\040\004\044\004\060\004\071\004\073\004\113}{}% 123
\BOOKMARK [1][-]{section.4.1}{\376\377\0004\000.\0001\000\040\004\044\004\060\004\071\004\073\000\040\000A\000u\000t\000h\000e\000n\000t\000i\000c\000a\000t\000o\000r\000.\000c\000p\000p}{chapter.4}% 124
\BOOKMARK [1][-]{section.4.2}{\376\377\0004\000.\0002\000\040\000A\000u\000t\000h\000e\000n\000t\000i\000c\000a\000t\000o\000r\000.\000c\000p\000p}{chapter.4}% 125
\BOOKMARK [1][-]{section.4.3}{\376\377\0004\000.\0003\000\040\004\044\004\060\004\071\004\073\000\040\000A\000u\000t\000h\000e\000n\000t\000i\000c\000a\000t\000o\000r\000.\000h}{chapter.4}% 126
\BOOKMARK [1][-]{section.4.4}{\376\377\0004\000.\0004\000\040\000A\000u\000t\000h\000e\000n\000t\000i\000c\000a\000t\000o\000r\000.\000h}{chapter.4}% 127
\BOOKMARK [1][-]{section.4.5}{\376\377\0004\000.\0005\000\040\004\044\004\060\004\071\004\073\000\040\000C\000l\000i\000e\000n\000t\000B\000a\000s\000e\000.\000c\000p\000p}{chapter.4}% 128
\BOOKMARK [1][-]{section.4.6}{\376\377\0004\000.\0006\000\040\000C\000l\000i\000e\000n\000t\000B\000a\000s\000e\000.\000c\000p\000p}{chapter.4}% 129
\BOOKMARK [1][-]{section.4.7}{\376\377\0004\000.\0007\000\040\004\044\004\060\004\071\004\073\000\040\000C\000l\000i\000e\000n\000t\000B\000a\000s\000e\000.\000h}{chapter.4}% 130
\BOOKMARK [1][-]{section.4.8}{\376\377\0004\000.\0008\000\040\000C\000l\000i\000e\000n\000t\000B\000a\000s\000e\000.\000h}{chapter.4}% 131
\BOOKMARK [1][-]{section.4.9}{\376\377\0004\000.\0009\000\040\004\044\004\060\004\071\004\073\000\040\000C\000l\000i\000e\000n\000t\000H\000a\000n\000d\000l\000e\000r\000.\000c\000p\000p}{chapter.4}% 132
\BOOKMARK [2][-]{subsection.4.9.1}{\376\377\0004\000.\0009\000.\0001\000\040\004\034\004\060\004\072\004\100\004\076\004\101\004\113}{section.4.9}% 133
\BOOKMARK [3][-]{subsubsection.4.9.1.1}{\376\377\0004\000.\0009\000.\0001\000.\0001\000\040\000b\000e\0006\0004\000t\000o\000h}{subsection.4.9.1}% 134
\BOOKMARK [3][-]{subsubsection.4.9.1.2}{\376\377\0004\000.\0009\000.\0001\000.\0002\000\040\000h\000t\000o\000b\000e\0006\0004}{subsection.4.9.1}% 135
\BOOKMARK [1][-]{section.4.10}{\376\377\0004\000.\0001\0000\000\040\000C\000l\000i\000e\000n\000t\000H\000a\000n\000d\000l\000e\000r\000.\000c\000p\000p}{chapter.4}% 136
\BOOKMARK [1][-]{section.4.11}{\376\377\0004\000.\0001\0001\000\040\004\044\004\060\004\071\004\073\000\040\000C\000l\000i\000e\000n\000t\000H\000a\000n\000d\000l\000e\000r\000.\000h}{chapter.4}% 137
\BOOKMARK [1][-]{section.4.12}{\376\377\0004\000.\0001\0002\000\040\000C\000l\000i\000e\000n\000t\000H\000a\000n\000d\000l\000e\000r\000.\000h}{chapter.4}% 138
\BOOKMARK [1][-]{section.4.13}{\376\377\0004\000.\0001\0003\000\040\004\044\004\060\004\071\004\073\000\040\000C\000o\000m\000m\000a\000n\000d\000L\000i\000n\000e\000P\000a\000r\000s\000e\000r\000.\000c\000p\000p}{chapter.4}% 139
\BOOKMARK [1][-]{section.4.14}{\376\377\0004\000.\0001\0004\000\040\000C\000o\000m\000m\000a\000n\000d\000L\000i\000n\000e\000P\000a\000r\000s\000e\000r\000.\000c\000p\000p}{chapter.4}% 140
\BOOKMARK [1][-]{section.4.15}{\376\377\0004\000.\0001\0005\000\040\004\044\004\060\004\071\004\073\000\040\000C\000o\000m\000m\000a\000n\000d\000L\000i\000n\000e\000P\000a\000r\000s\000e\000r\000.\000h}{chapter.4}% 141
\BOOKMARK [1][-]{section.4.16}{\376\377\0004\000.\0001\0006\000\040\000C\000o\000m\000m\000a\000n\000d\000L\000i\000n\000e\000P\000a\000r\000s\000e\000r\000.\000h}{chapter.4}% 142
\BOOKMARK [1][-]{section.4.17}{\376\377\0004\000.\0001\0007\000\040\004\044\004\060\004\071\004\073\000\040\000L\000o\000g\000g\000e\000r\000.\000c\000p\000p}{chapter.4}% 143
\BOOKMARK [1][-]{section.4.18}{\376\377\0004\000.\0001\0008\000\040\000L\000o\000g\000g\000e\000r\000.\000c\000p\000p}{chapter.4}% 144
\BOOKMARK [1][-]{section.4.19}{\376\377\0004\000.\0001\0009\000\040\004\044\004\060\004\071\004\073\000\040\000L\000o\000g\000g\000e\000r\000.\000h}{chapter.4}% 145
\BOOKMARK [2][-]{subsection.4.19.1}{\376\377\0004\000.\0001\0009\000.\0001\000\040\004\037\004\065\004\100\004\065\004\107\004\070\004\101\004\073\004\065\004\075\004\070\004\117}{section.4.19}% 146
\BOOKMARK [3][-]{subsubsection.4.19.1.1}{\376\377\0004\000.\0001\0009\000.\0001\000.\0001\000\040\000L\000o\000g\000L\000e\000v\000e\000l}{subsection.4.19.1}% 147
\BOOKMARK [1][-]{section.4.20}{\376\377\0004\000.\0002\0000\000\040\000L\000o\000g\000g\000e\000r\000.\000h}{chapter.4}% 148
\BOOKMARK [1][-]{section.4.21}{\376\377\0004\000.\0002\0001\000\040\004\044\004\060\004\071\004\073\000\040\000m\000a\000i\000n\000.\000c\000p\000p}{chapter.4}% 149
\BOOKMARK [2][-]{subsection.4.21.1}{\376\377\0004\000.\0002\0001\000.\0001\000\040\004\044\004\103\004\075\004\072\004\106\004\070\004\070}{section.4.21}% 150
\BOOKMARK [3][-]{subsubsection.4.21.1.1}{\376\377\0004\000.\0002\0001\000.\0001\000.\0001\000\040\000m\000a\000i\000n\000\050\000\051}{subsection.4.21.1}% 151
\BOOKMARK [3][-]{subsubsection.4.21.1.2}{\376\377\0004\000.\0002\0001\000.\0001\000.\0002\000\040\000s\000i\000g\000n\000a\000l\000H\000a\000n\000d\000l\000e\000r\000\050\000\051}{subsection.4.21.1}% 152
\BOOKMARK [2][-]{subsection.4.21.2}{\376\377\0004\000.\0002\0001\000.\0002\000\040\004\037\004\065\004\100\004\065\004\074\004\065\004\075\004\075\004\113\004\065}{section.4.21}% 153
\BOOKMARK [3][-]{subsubsection.4.21.2.1}{\376\377\0004\000.\0002\0001\000.\0002\000.\0001\000\040\000s\000e\000r\000v\000e\000r}{subsection.4.21.2}% 154
\BOOKMARK [1][-]{section.4.22}{\376\377\0004\000.\0002\0002\000\040\000m\000a\000i\000n\000.\000c\000p\000p}{chapter.4}% 155
\BOOKMARK [1][-]{section.4.23}{\376\377\0004\000.\0002\0003\000\040\004\044\004\060\004\071\004\073\000\040\000S\000e\000r\000v\000e\000r\000.\000c\000p\000p}{chapter.4}% 156
\BOOKMARK [1][-]{section.4.24}{\376\377\0004\000.\0002\0004\000\040\000S\000e\000r\000v\000e\000r\000.\000c\000p\000p}{chapter.4}% 157
\BOOKMARK [1][-]{section.4.25}{\376\377\0004\000.\0002\0005\000\040\004\044\004\060\004\071\004\073\000\040\000S\000e\000r\000v\000e\000r\000.\000h}{chapter.4}% 158
\BOOKMARK [1][-]{section.4.26}{\376\377\0004\000.\0002\0006\000\040\000S\000e\000r\000v\000e\000r\000.\000h}{chapter.4}% 159
\BOOKMARK [1][-]{section.4.27}{\376\377\0004\000.\0002\0007\000\040\004\044\004\060\004\071\004\073\000\040\000T\000e\000s\000t\000\137\000A\000u\000t\000h\000e\000n\000t\000i\000c\000a\000t\000o\000r\000.\000c\000p\000p}{chapter.4}% 160
\BOOKMARK [2][-]{subsection.4.27.1}{\376\377\0004\000.\0002\0007\000.\0001\000\040\004\044\004\103\004\075\004\072\004\106\004\070\004\070}{section.4.27}% 161
\BOOKMARK [3][-]{subsubsection.4.27.1.1}{\376\377\0004\000.\0002\0007\000.\0001\000.\0001\000\040\000S\000U\000I\000T\000E\000\050\000\051}{subsection.4.27.1}% 162
\BOOKMARK [1][-]{section.4.28}{\376\377\0004\000.\0002\0008\000\040\000T\000e\000s\000t\000\137\000A\000u\000t\000h\000e\000n\000t\000i\000c\000a\000t\000o\000r\000.\000c\000p\000p}{chapter.4}% 163
\BOOKMARK [1][-]{section.4.29}{\376\377\0004\000.\0002\0009\000\040\004\044\004\060\004\071\004\073\000\040\000T\000e\000s\000t\000\137\000C\000l\000i\000e\000n\000t\000B\000a\000s\000e\000.\000c\000p\000p}{chapter.4}% 164
\BOOKMARK [2][-]{subsection.4.29.1}{\376\377\0004\000.\0002\0009\000.\0001\000\040\004\044\004\103\004\075\004\072\004\106\004\070\004\070}{section.4.29}% 165
\BOOKMARK [3][-]{subsubsection.4.29.1.1}{\376\377\0004\000.\0002\0009\000.\0001\000.\0001\000\040\000S\000U\000I\000T\000E\000\050\000\051}{subsection.4.29.1}% 166
\BOOKMARK [1][-]{section.4.30}{\376\377\0004\000.\0003\0000\000\040\000T\000e\000s\000t\000\137\000C\000l\000i\000e\000n\000t\000B\000a\000s\000e\000.\000c\000p\000p}{chapter.4}% 167
\BOOKMARK [1][-]{section.4.31}{\376\377\0004\000.\0003\0001\000\040\004\044\004\060\004\071\004\073\000\040\000T\000e\000s\000t\000\137\000C\000o\000m\000m\000a\000n\000d\000L\000i\000n\000e\000P\000a\000r\000s\000e\000r\000.\000c\000p\000p}{chapter.4}% 168
\BOOKMARK [2][-]{subsection.4.31.1}{\376\377\0004\000.\0003\0001\000.\0001\000\040\004\044\004\103\004\075\004\072\004\106\004\070\004\070}{section.4.31}% 169
\BOOKMARK [3][-]{subsubsection.4.31.1.1}{\376\377\0004\000.\0003\0001\000.\0001\000.\0001\000\040\000S\000U\000I\000T\000E\000\050\000\051}{subsection.4.31.1}% 170
\BOOKMARK [1][-]{section.4.32}{\376\377\0004\000.\0003\0002\000\040\000T\000e\000s\000t\000\137\000C\000o\000m\000m\000a\000n\000d\000L\000i\000n\000e\000P\000a\000r\000s\000e\000r\000.\000c\000p\000p}{chapter.4}% 171
\BOOKMARK [1][-]{section.4.33}{\376\377\0004\000.\0003\0003\000\040\004\044\004\060\004\071\004\073\000\040\000T\000e\000s\000t\000\137\000L\000o\000g\000g\000e\000r\000.\000c\000p\000p}{chapter.4}% 172
\BOOKMARK [2][-]{subsection.4.33.1}{\376\377\0004\000.\0003\0003\000.\0001\000\040\004\044\004\103\004\075\004\072\004\106\004\070\004\070}{section.4.33}% 173
\BOOKMARK [3][-]{subsubsection.4.33.1.1}{\376\377\0004\000.\0003\0003\000.\0001\000.\0001\000\040\000S\000U\000I\000T\000E\000\050\000\051}{subsection.4.33.1}% 174
\BOOKMARK [1][-]{section.4.34}{\376\377\0004\000.\0003\0004\000\040\000T\000e\000s\000t\000\137\000L\000o\000g\000g\000e\000r\000.\000c\000p\000p}{chapter.4}% 175
\BOOKMARK [1][-]{section.4.35}{\376\377\0004\000.\0003\0005\000\040\004\044\004\060\004\071\004\073\000\040\000t\000e\000s\000t\000\137\000m\000a\000i\000n\000.\000c\000p\000p}{chapter.4}% 176
\BOOKMARK [2][-]{subsection.4.35.1}{\376\377\0004\000.\0003\0005\000.\0001\000\040\004\044\004\103\004\075\004\072\004\106\004\070\004\070}{section.4.35}% 177
\BOOKMARK [3][-]{subsubsection.4.35.1.1}{\376\377\0004\000.\0003\0005\000.\0001\000.\0001\000\040\000m\000a\000i\000n\000\050\000\051}{subsection.4.35.1}% 178
\BOOKMARK [1][-]{section.4.36}{\376\377\0004\000.\0003\0006\000\040\000t\000e\000s\000t\000\137\000m\000a\000i\000n\000.\000c\000p\000p}{chapter.4}% 179
\BOOKMARK [1][-]{section.4.37}{\376\377\0004\000.\0003\0007\000\040\004\044\004\060\004\071\004\073\000\040\000T\000e\000s\000t\000\137\000S\000e\000r\000v\000e\000r\000I\000n\000t\000e\000g\000r\000a\000t\000i\000o\000n\000.\000c\000p\000p}{chapter.4}% 180
\BOOKMARK [2][-]{subsection.4.37.1}{\376\377\0004\000.\0003\0007\000.\0001\000\040\004\044\004\103\004\075\004\072\004\106\004\070\004\070}{section.4.37}% 181
\BOOKMARK [3][-]{subsubsection.4.37.1.1}{\376\377\0004\000.\0003\0007\000.\0001\000.\0001\000\040\000S\000U\000I\000T\000E\000\050\000\051}{subsection.4.37.1}% 182
\BOOKMARK [1][-]{section.4.38}{\376\377\0004\000.\0003\0008\000\040\000T\000e\000s\000t\000\137\000S\000e\000r\000v\000e\000r\000I\000n\000t\000e\000g\000r\000a\000t\000i\000o\000n\000.\000c\000p\000p}{chapter.4}% 183
\BOOKMARK [1][-]{section.4.39}{\376\377\0004\000.\0003\0009\000\040\004\044\004\060\004\071\004\073\000\040\000T\000e\000s\000t\000\137\000V\000e\000c\000t\000o\000r\000C\000a\000l\000c\000u\000l\000a\000t\000o\000r\000.\000c\000p\000p}{chapter.4}% 184
\BOOKMARK [2][-]{subsection.4.39.1}{\376\377\0004\000.\0003\0009\000.\0001\000\040\004\044\004\103\004\075\004\072\004\106\004\070\004\070}{section.4.39}% 185
\BOOKMARK [3][-]{subsubsection.4.39.1.1}{\376\377\0004\000.\0003\0009\000.\0001\000.\0001\000\040\000S\000U\000I\000T\000E\000\050\000\051}{subsection.4.39.1}% 186
\BOOKMARK [1][-]{section.4.40}{\376\377\0004\000.\0004\0000\000\040\000T\000e\000s\000t\000\137\000V\000e\000c\000t\000o\000r\000C\000a\000l\000c\000u\000l\000a\000t\000o\000r\000.\000c\000p\000p}{chapter.4}% 187
\BOOKMARK [1][-]{section.4.41}{\376\377\0004\000.\0004\0001\000\040\004\044\004\060\004\071\004\073\000\040\000V\000e\000c\000t\000o\000r\000C\000a\000l\000c\000u\000l\000a\000t\000o\000r\000.\000c\000p\000p}{chapter.4}% 188
\BOOKMARK [1][-]{section.4.42}{\376\377\0004\000.\0004\0002\000\040\000V\000e\000c\000t\000o\000r\000C\000a\000l\000c\000u\000l\000a\000t\000o\000r\000.\000c\000p\000p}{chapter.4}% 189
\BOOKMARK [1][-]{section.4.43}{\376\377\0004\000.\0004\0003\000\040\004\044\004\060\004\071\004\073\000\040\000V\000e\000c\000t\000o\000r\000C\000a\000l\000c\000u\000l\000a\000t\000o\000r\000.\000h}{chapter.4}% 190
\BOOKMARK [1][-]{section.4.44}{\376\377\0004\000.\0004\0004\000\040\000V\000e\000c\000t\000o\000r\000C\000a\000l\000c\000u\000l\000a\000t\000o\000r\000.\000h}{chapter.4}% 191
\BOOKMARK [0][-]{section*.75}{\376\377\004\037\004\100\004\065\004\064\004\074\004\065\004\102\004\075\004\113\004\071\000\040\004\103\004\072\004\060\004\067\004\060\004\102\004\065\004\073\004\114}{}% 192
